// Jest Snapshot v1, https://goo.gl/fbAQLP

exports[`Single redisServer should start redis server 1`] = `
Object {
  "n": 2,
  "ok": 1,
}
`;
